// Jest Snapshot v1, https://goo.gl/fbAQLP

exports[`Snapshot <ReviewsList/> Render <ReviewsList/> 1`] = `
<ul
  className="reviews__list"
>
  <li
    className="reviews__item"
  >
    <div
      className="reviews__user user"
    >
      <div
        className="reviews__avatar-wrapper user__avatar-wrapper"
      >
        <img
          alt="Sergio"
          className="reviews__avatar user__avatar"
          height="54"
          src="img/avatar-angelina3.jpg"
          width="54"
        />
      </div>
      <span
        className="reviews__user-name"
      >
        Sergio
      </span>
    </div>
    <div
      className="reviews__info"
    >
      <div
        className="reviews__rating rating"
      >
        <div
          className="reviews__stars rating__stars"
        >
          <span
            style={
              Object {
                "width": "100%",
              }
            }
          />
          <span
            className="visually-hidden"
          >
            Rating
          </span>
        </div>
      </div>
      <p
        className="reviews__text"
      >
        dining area and five bedrooms – couples and groups of friends will find this accommodation
      </p>
      <time
        className="reviews__time"
        dateTime="2020-06-24"
      >
        June 24, 2020
      </time>
    </div>
  </li>
  <li
    className="reviews__item"
  >
    <div
      className="reviews__user user"
    >
      <div
        className="reviews__avatar-wrapper user__avatar-wrapper"
      >
        <img
          alt="Marla"
          className="reviews__avatar user__avatar"
          height="54"
          src="img/avatar-angelina2.jpg"
          width="54"
        />
      </div>
      <span
        className="reviews__user-name"
      >
        Marla
      </span>
    </div>
    <div
      className="reviews__info"
    >
      <div
        className="reviews__rating rating"
      >
        <div
          className="reviews__stars rating__stars"
        >
          <span
            style={
              Object {
                "width": "44%",
              }
            }
          />
          <span
            className="visually-hidden"
          >
            Rating
          </span>
        </div>
      </div>
      <p
        className="reviews__text"
      >
        dining area and five bedrooms – couples and groups of friends will find this accommodation
      </p>
      <time
        className="reviews__time"
        dateTime="2020-06-24"
      >
        June 24, 2020
      </time>
    </div>
  </li>
  <li
    className="reviews__item"
  >
    <div
      className="reviews__user user"
    >
      <div
        className="reviews__avatar-wrapper user__avatar-wrapper"
      >
        <img
          alt="Slava"
          className="reviews__avatar user__avatar"
          height="54"
          src="img/avatar-angelina.jpg"
          width="54"
        />
      </div>
      <span
        className="reviews__user-name"
      >
        Slava
      </span>
    </div>
    <div
      className="reviews__info"
    >
      <div
        className="reviews__rating rating"
      >
        <div
          className="reviews__stars rating__stars"
        >
          <span
            style={
              Object {
                "width": "94%",
              }
            }
          />
          <span
            className="visually-hidden"
          >
            Rating
          </span>
        </div>
      </div>
      <p
        className="reviews__text"
      >
        dining area and five bedrooms – couples and groups of friends will find this accommodation
      </p>
      <time
        className="reviews__time"
        dateTime="2020-06-24"
      >
        June 24, 2020
      </time>
    </div>
  </li>
</ul>
`;

exports[`Snapshot <ReviewsList/> Render <ReviewsList/> reviews = empty 1`] = `
<ul
  className="reviews__list"
>
  
</ul>
`;
